// Jest Snapshot v1, https://goo.gl/fbAQLP

exports[`matches snapshot 1`] = `
<div
  className="Pokecard"
>
  <h5 />
  <img
    alt="pokemon"
    className="pokemon-image"
    src="https://raw.githubusercontent.com/PokeAPI/sprites/master/sprites/pokemon/undefined.png"
  />
  <p>
    Type: 
  </p>
  <p>
    EXP: 
  </p>
</div>
`;
